// Jest Snapshot v1, https://goo.gl/fbAQLP

exports[`Render App component 1`] = `
Object {
  "asFragment": [Function],
  "baseElement": <body>
    <div>
      <div
        class="App"
      >
        <header
          class="header"
        >
          <div
            class="header__container"
          >
            <h1
              class="logo"
            >
              Financial analyst
            </h1>
          </div>
        </header>
        <main
          class="content"
        >
          <div>
            <div
              class="breadcrumb"
              role="presentation"
            >
              <nav
                aria-label="breadcrumb"
                class="MuiTypography-root MuiTypography-body1 MuiBreadcrumbs-root css-63vwl1-MuiTypography-root-MuiBreadcrumbs-root"
              >
                <ol
                  class="MuiBreadcrumbs-ol css-4pdmu4-MuiBreadcrumbs-ol"
                >
                  <li
                    class="MuiBreadcrumbs-li"
                  >
                    <p
                      class="MuiTypography-root MuiTypography-body1 css-a9lb73-MuiTypography-root"
                    >
                      Main page
                    </p>
                  </li>
                </ol>
              </nav>
            </div>
            <h2
              class="title"
            >
              You may be interested
            </h2>
            <div
              class="section"
            >
              <div
                class="table"
              >
                <header
                  class="table_header"
                >
                  <div
                    class="header_item"
                  >
                    <button
                      class="MuiButtonBase-root Mui-disabled MuiButton-root MuiButton-text MuiButton-textPrimary MuiButton-sizeMedium MuiButton-textSizeMedium css-1e6y48t-MuiButtonBase-root-MuiButton-root"
                      disabled=""
                      tabindex="-1"
                      type="button"
                    >
                      <span>
                        ticker
                      </span>
                      <span />
                    </button>
                  </div>
                  <div
                    class="header_item"
                  >
                    <button
                      class="MuiButtonBase-root Mui-disabled MuiButton-root MuiButton-text MuiButton-textPrimary MuiButton-sizeMedium MuiButton-textSizeMedium css-1e6y48t-MuiButtonBase-root-MuiButton-root"
                      disabled=""
                      tabindex="-1"
                      type="button"
                    >
                      <span>
                        name
                      </span>
                      <span />
                    </button>
                  </div>
                  <div
                    class="header_item"
                  >
                    <button
                      class="MuiButtonBase-root Mui-disabled MuiButton-root MuiButton-text MuiButton-textPrimary MuiButton-sizeMedium MuiButton-textSizeMedium css-1e6y48t-MuiButtonBase-root-MuiButton-root"
                      disabled=""
                      tabindex="-1"
                      type="button"
                    >
                      <span>
                        price
                      </span>
                      <span />
                    </button>
                  </div>
                  <div
                    class="header_item"
                  >
                    <button
                      class="MuiButtonBase-root Mui-disabled MuiButton-root MuiButton-text MuiButton-textPrimary MuiButton-sizeMedium MuiButton-textSizeMedium css-1e6y48t-MuiButtonBase-root-MuiButton-root"
                      disabled=""
                      tabindex="-1"
                      type="button"
                    >
                      <span>
                        percent
                      </span>
                      <span />
                    </button>
                  </div>
                  <div
                    class="header_item"
                  >
                    <button
                      class="MuiButtonBase-root Mui-disabled MuiButton-root MuiButton-text MuiButton-textPrimary MuiButton-sizeMedium MuiButton-textSizeMedium css-1e6y48t-MuiButtonBase-root-MuiButton-root"
                      disabled=""
                      tabindex="-1"
                      type="button"
                    >
                      <span>
                        dividend
                      </span>
                      <span />
                    </button>
                  </div>
                </header>
                <div
                  class="list"
                >
                  <div
                    class="container"
                  >
                    <div
                      class="img"
                    >
                      <img
                        alt="list Empty"
                        src="empty_list.png"
                      />
                    </div>
                    <p
                      class="text"
                    >
                      There is nothing here yet
                    </p>
                  </div>
                </div>
                <footer
                  class="footer"
                >
                  <a
                    class="list_link"
                    href="/target-list"
                  >
                    <svg
                      aria-hidden="true"
                      class="MuiSvgIcon-root MuiSvgIcon-fontSizeMedium css-wt4i4k-MuiSvgIcon-root"
                      data-testid="ListIcon"
                      focusable="false"
                      viewBox="0 0 24 24"
                    >
                      <path
                        d="M3 13h2v-2H3v2zm0 4h2v-2H3v2zm0-8h2V7H3v2zm4 4h14v-2H7v2zm0 4h14v-2H7v2zM7 7v2h14V7H7z"
                      />
                    </svg>
                    <span>
                      View list
                    </span>
                    <span>
                      0
                    </span>
                  </a>
                </footer>
              </div>
            </div>
          </div>
        </main>
      </div>
    </div>
  </body>,
  "container": <div>
    <div
      class="App"
    >
      <header
        class="header"
      >
        <div
          class="header__container"
        >
          <h1
            class="logo"
          >
            Financial analyst
          </h1>
        </div>
      </header>
      <main
        class="content"
      >
        <div>
          <div
            class="breadcrumb"
            role="presentation"
          >
            <nav
              aria-label="breadcrumb"
              class="MuiTypography-root MuiTypography-body1 MuiBreadcrumbs-root css-63vwl1-MuiTypography-root-MuiBreadcrumbs-root"
            >
              <ol
                class="MuiBreadcrumbs-ol css-4pdmu4-MuiBreadcrumbs-ol"
              >
                <li
                  class="MuiBreadcrumbs-li"
                >
                  <p
                    class="MuiTypography-root MuiTypography-body1 css-a9lb73-MuiTypography-root"
                  >
                    Main page
                  </p>
                </li>
              </ol>
            </nav>
          </div>
          <h2
            class="title"
          >
            You may be interested
          </h2>
          <div
            class="section"
          >
            <div
              class="table"
            >
              <header
                class="table_header"
              >
                <div
                  class="header_item"
                >
                  <button
                    class="MuiButtonBase-root Mui-disabled MuiButton-root MuiButton-text MuiButton-textPrimary MuiButton-sizeMedium MuiButton-textSizeMedium css-1e6y48t-MuiButtonBase-root-MuiButton-root"
                    disabled=""
                    tabindex="-1"
                    type="button"
                  >
                    <span>
                      ticker
                    </span>
                    <span />
                  </button>
                </div>
                <div
                  class="header_item"
                >
                  <button
                    class="MuiButtonBase-root Mui-disabled MuiButton-root MuiButton-text MuiButton-textPrimary MuiButton-sizeMedium MuiButton-textSizeMedium css-1e6y48t-MuiButtonBase-root-MuiButton-root"
                    disabled=""
                    tabindex="-1"
                    type="button"
                  >
                    <span>
                      name
                    </span>
                    <span />
                  </button>
                </div>
                <div
                  class="header_item"
                >
                  <button
                    class="MuiButtonBase-root Mui-disabled MuiButton-root MuiButton-text MuiButton-textPrimary MuiButton-sizeMedium MuiButton-textSizeMedium css-1e6y48t-MuiButtonBase-root-MuiButton-root"
                    disabled=""
                    tabindex="-1"
                    type="button"
                  >
                    <span>
                      price
                    </span>
                    <span />
                  </button>
                </div>
                <div
                  class="header_item"
                >
                  <button
                    class="MuiButtonBase-root Mui-disabled MuiButton-root MuiButton-text MuiButton-textPrimary MuiButton-sizeMedium MuiButton-textSizeMedium css-1e6y48t-MuiButtonBase-root-MuiButton-root"
                    disabled=""
                    tabindex="-1"
                    type="button"
                  >
                    <span>
                      percent
                    </span>
                    <span />
                  </button>
                </div>
                <div
                  class="header_item"
                >
                  <button
                    class="MuiButtonBase-root Mui-disabled MuiButton-root MuiButton-text MuiButton-textPrimary MuiButton-sizeMedium MuiButton-textSizeMedium css-1e6y48t-MuiButtonBase-root-MuiButton-root"
                    disabled=""
                    tabindex="-1"
                    type="button"
                  >
                    <span>
                      dividend
                    </span>
                    <span />
                  </button>
                </div>
              </header>
              <div
                class="list"
              >
                <div
                  class="container"
                >
                  <div
                    class="img"
                  >
                    <img
                      alt="list Empty"
                      src="empty_list.png"
                    />
                  </div>
                  <p
                    class="text"
                  >
                    There is nothing here yet
                  </p>
                </div>
              </div>
              <footer
                class="footer"
              >
                <a
                  class="list_link"
                  href="/target-list"
                >
                  <svg
                    aria-hidden="true"
                    class="MuiSvgIcon-root MuiSvgIcon-fontSizeMedium css-wt4i4k-MuiSvgIcon-root"
                    data-testid="ListIcon"
                    focusable="false"
                    viewBox="0 0 24 24"
                  >
                    <path
                      d="M3 13h2v-2H3v2zm0 4h2v-2H3v2zm0-8h2V7H3v2zm4 4h14v-2H7v2zm0 4h14v-2H7v2zM7 7v2h14V7H7z"
                    />
                  </svg>
                  <span>
                    View list
                  </span>
                  <span>
                    0
                  </span>
                </a>
              </footer>
            </div>
          </div>
        </div>
      </main>
    </div>
  </div>,
  "debug": [Function],
  "findAllByAltText": [Function],
  "findAllByDisplayValue": [Function],
  "findAllByLabelText": [Function],
  "findAllByPlaceholderText": [Function],
  "findAllByRole": [Function],
  "findAllByTestId": [Function],
  "findAllByText": [Function],
  "findAllByTitle": [Function],
  "findByAltText": [Function],
  "findByDisplayValue": [Function],
  "findByLabelText": [Function],
  "findByPlaceholderText": [Function],
  "findByRole": [Function],
  "findByTestId": [Function],
  "findByText": [Function],
  "findByTitle": [Function],
  "getAllByAltText": [Function],
  "getAllByDisplayValue": [Function],
  "getAllByLabelText": [Function],
  "getAllByPlaceholderText": [Function],
  "getAllByRole": [Function],
  "getAllByTestId": [Function],
  "getAllByText": [Function],
  "getAllByTitle": [Function],
  "getByAltText": [Function],
  "getByDisplayValue": [Function],
  "getByLabelText": [Function],
  "getByPlaceholderText": [Function],
  "getByRole": [Function],
  "getByTestId": [Function],
  "getByText": [Function],
  "getByTitle": [Function],
  "queryAllByAltText": [Function],
  "queryAllByDisplayValue": [Function],
  "queryAllByLabelText": [Function],
  "queryAllByPlaceholderText": [Function],
  "queryAllByRole": [Function],
  "queryAllByTestId": [Function],
  "queryAllByText": [Function],
  "queryAllByTitle": [Function],
  "queryByAltText": [Function],
  "queryByDisplayValue": [Function],
  "queryByLabelText": [Function],
  "queryByPlaceholderText": [Function],
  "queryByRole": [Function],
  "queryByTestId": [Function],
  "queryByText": [Function],
  "queryByTitle": [Function],
  "rerender": [Function],
  "unmount": [Function],
}
`;
